tango_binding.so {
  global:
    ping;
    state;
    status;
    set_timeout;
    command_inout;
    read_attributes;
    write_attributes;
    events_group_create;
    events_group_kill;
    subscribe_event;
    unsubscribe_event;
    group_create;
    group_kill;
    group_size;
    group_command_inout;
    group_read_attributes;
    group_write_attribute; 
    extract_archived_data; 
    reload_device_interface;
    device_commands_list;
    device_commands_info;
    device_attributes_list;
    device_attributes_info;
    get_attributes_info;
    set_attributes_info;
    attribute_data_type;
    dsi_start_device_server;
    dsi_stop_device_server;
    dsi_set_client_req_tmo_by_class;
    dsi_set_client_req_tmo_by_device;
    dsi_get_device_property;
    dsi_enable_state_machine;
    dsi_disable_state_machine;
    dsi_set_execute_cmd_argout;
    dsi_set_read_attr_value;
    dsi_ack_client_request;
    dsi_get_attribute_info;
    dsi_set_attribute_info;
    dsi_log;
  local:
    *;
};
